-
    request:
        method: POST
        url: 'http://127.0.0.1:8080/soap'
        headers:
            Host: '127.0.0.1:8080'
            Content-Type: 'text/xml; charset=utf-8;'
            SOAPAction: 'http://tempuri.org/IAppService/FindUser'
        body: "<?xml version=\"1.0\" encoding=\"UTF-8\"?>\n<SOAP-ENV:Envelope xmlns:SOAP-ENV=\"http://schemas.xmlsoap.org/soap/envelope/\" xmlns:ns1=\"http://tempuri.org/\"><SOAP-ENV:Body><ns1:FindUser><ns1:User>test@example.com</ns1:User></ns1:FindUser></SOAP-ENV:Body></SOAP-ENV:Envelope>\n"
    response:
        status:
            http_version: '1.1'
            code: '500'
            message: Internal server error
        headers:
            Cache-Control: private
            Content-Length: '196'
            Content-Type: 'text/xml; charset=utf-8'
            Server: Microsoft-IIS/8.0
            X-AspNet-Version: 4.0.30319
            X-Powered-By: ASP.NET
            Date: 'Wed, 10 Feb 2021 07:35:56 GMT'
        body: '<SOAP-ENV:Envelope xmlns:SOAP-ENV="http://schemas.xmlsoap.org/soap/envelope/"><SOAP-ENV:Body><Fault><faultcode>Client</faultcode><faultstring xml:lang="en-US">BadConfirmCode</faultstring><detail><AppFault><Code>108</Code><Translations><KeyValueOfstringstring><Key>lt</Key><Value>Nerasti vertimai</Value></KeyValueOfstringstring><KeyValueOfstringstring><Key>en</Key><Value>Translations not found</Value></KeyValueOfstringstring></Translations></AppFault></detail></Fault></SOAP-ENV:Body></SOAP-ENV:Envelope>'
