-
    request:
        method: POST
        url: 'http://127.0.0.1:8080/soap'
        headers:
            Host: '127.0.0.1:8080'
            Content-Type: 'text/xml; charset=utf-8;'
            SOAPAction: 'http://tempuri.org/IAppService/GetGameCoupons'
        body: "<?xml version=\"1.0\" encoding=\"UTF-8\"?>\n<SOAP-ENV:Envelope xmlns:SOAP-ENV=\"http://schemas.xmlsoap.org/soap/envelope/\" xmlns:ns1=\"http://tempuri.org/\"><SOAP-ENV:Body><ns1:GetGameCoupons><ns1:GameId>123</ns1:GameId></ns1:GetGameCoupons></SOAP-ENV:Body></SOAP-ENV:Envelope>\n"
    response:
        status:
            http_version: '1.1'
            code: '200'
            message: OK
        headers:
            Cache-Control: private
            Content-Length: '196'
            Content-Type: 'text/xml; charset=utf-8'
            Server: Microsoft-IIS/8.0
            X-AspNet-Version: 4.0.30319
            X-Powered-By: ASP.NET
            Date: 'Wed, 10 Feb 2021 07:35:56 GMT'
        body: '<SOAP-ENV:Envelope xmlns:SOAP-ENV="http://schemas.xmlsoap.org/soap/envelope/" xmlns:ns1="http://schemas.datacontract.org/2004/07/MaximaApp.Services.Contracts.AppService" xmlns:ns2="http://schemas.datacontract.org/2004/07/MaximaApp.Services.Contracts" xmlns:ns3="http://tempuri.org/"><SOAP-ENV:Body><ns3:GetGameCouponsResponse><ns3:GetGameCouponsResult><ns2:Coupons><ns1:Coupon><ns1:Id>44401</ns1:Id><ns1:DateFrom>{{{dateFrom}}}</ns1:DateFrom><ns1:DateTo>{{{dateTo}}}</ns1:DateTo><ns1:IsCouponActivated>false</ns1:IsCouponActivated></ns1:Coupon><ns1:Coupon><ns1:Id>44402</ns1:Id><ns1:DateFrom>{{{dateFrom}}}</ns1:DateFrom><ns1:DateTo>{{{dateTo}}}</ns1:DateTo><ns1:IsCouponActivated>true</ns1:IsCouponActivated></ns1:Coupon><ns1:Coupon><ns1:Id>44403</ns1:Id><ns1:DateFrom>{{{dateFrom}}}</ns1:DateFrom><ns1:DateTo>{{{dateTo}}}</ns1:DateTo><ns1:IsCouponActivated>false</ns1:IsCouponActivated></ns1:Coupon></ns2:Coupons></ns3:GetGameCouponsResult></ns3:GetGameCouponsResponse></SOAP-ENV:Body></SOAP-ENV:Envelope>'
